// Jest Snapshot v1, https://goo.gl/fbAQLP

exports[`Icon renders correctly 1`] = `
<i
  className="sc-bdVaJa fa fa-check haGCgV"
  color="red"
  size="10rem"
/>
`;
